// Jest Snapshot v1, https://goo.gl/fbAQLP

exports[`Tag.tsx closable 1`] = `"<div class=\\"bk-tag-closable bk-tag\\" style=\\"border-radius: 2px;\\"><span><!----></span><span class=\\"bk-tag-close\\"><svg xmlns=\\"http://www.w3.org/2000/svg\\" viewBox=\\"0 0 1024 1024\\" style=\\"vertical-align: middle; fill: undefined; overflow: hidden;\\"><path fill-rule=\\"evenodd\\" d=\\"M452.7573333333333 510.91200000000003L225.83338666666668 737.8346666666666 286.1730133333333 798.1738666666666 513.0965333333334 571.2511999999999 739.8399999999999 797.9946666666666 797.9946666666666 739.8399999999999 571.2511999999999 513.0965333333334 798.1738666666666 286.1730133333333 737.8346666666666 225.83338666666668 510.91200000000003 452.7573333333333 283.9867733333333 225.83338666666668 225.83338666666668 283.9867733333333 452.7573333333333 510.91200000000003Z\\" clip-rule=\\"evenodd\\" style=\\"\\"></path></svg></span></div>"`;
